"C:\Program Files\Perforce\p4merge.exe" "../../b.png" "../../a.png"