"C:\Program Files\TortoiseSVN\bin\TortoiseMerge.exe" "../../b.txt" "../../a.txt"