<html>
  <body>
    <div style="font-family:Broadway;font-size:18px"> Web Page from ApprovalTests</div>
  </body>
</html>