[0,0] => Division by zero
[0,2] => 0
[2,0] => Division by zero
[2,2] => 1
