[0] = Dan
[1] = James
[2] = Jason
[3] = Katrina
[4] = Llewellyn
