Move-Item "c:\temp\recieved.txt" "c:\temp\approved.txt" -Force