Found[0] = c:\windows\system32\notepad.exe
Found[1] = c:\windows\notepad.exe
