Abandoned Files:

DeletedClass.AbandonedMethod.approved.txt
