CallerTest.E()
CallerTest.D()
CallerTest.C()
CallerTest.B()
CallerTest.A()
CallerTest.GetDeepCaller()
CallerTest.TestCallStack()
