<!DOCTYPE html>
<html>
<head><base href="http://localhost:11625/Cool">
    <meta charset="utf-8" />
    <title>title</title>
    <link href="/Content/Site.css" rel="stylesheet" type="text/css" />
    <script src="/Scripts/jquery-1.5.1.min.js" type="text/javascript"></script>
    <script src="/Scripts/modernizr-1.7.min.js" type="text/javascript"></script>
</head>

<body>
    
<div>
<form action="/Cool/SaveName" method="post">        <fieldset>
            <div>
                <label for="Name">What&#39;s your name</label>
            </div>
            <div>
                <input id="Name" name="Name" type="text" value="" />
            </div>
            <div>
                <input type="submit" value="Send"/>
            </div>
        </fieldset>
</form></div>

</body>
</html>
