<!DOCTYPE html>
<html>
<head><base href="http://localhost:11625/Cool">
    <meta charset="utf-8" />
    <title>title</title>
    <link href="/Content/Site.css" rel="stylesheet" type="text/css" />
    <script src="/Scripts/jquery-1.5.1.min.js" type="text/javascript"></script>
    <script src="/Scripts/modernizr-1.7.min.js" type="text/javascript"></script>
</head>

<body>
    

<p>Hello Henrik</p>
</body>
</html>
