Assert.Equal() Failure
               ? (pos 5)
Expected: Hello
Actual:   Hello2
               ? (pos 5)