System.Exception: Exception of type 'System.Exception' was thrown.
   at ApprovalTests.Tests.ExceptionTests.<>c.<TestVerifyException>() in ...\ExceptionTests.cs
   at ApprovalUtilities.Utilities.ExceptionUtilities.GetException(Action action) in ...\ExceptionUtilities.cs