"C:\Program Files\Beyond Compare 3\BCompare.exe" "../../b.png" "../../a.png"