Replacements

start: 68894, text: 20110426104115-07'00'
start: 70463, text: 00000000000000000000000000000000
start: 70498, text: 00000000000000000000000000000000
