[0] = System.String <PublicStaticProperty>k__BackingField
[1] = System.String <BasePublicStaticProperty>k__BackingField
