[0] = System.String PrivateInstanceProperty
[1] = System.String PrivateStaticProperty
