Private methods for Class B

[0] = System.String Booya
