[0] = System.String <PublicStaticProperty>k__BackingField
