[0] = System.Func`1[System.Boolean] Truth
[1] = System.EventHandler MyEvent
[2] = System.ComponentModel.PropertyChangedEventHandler PropertyChanged
