Event Configuration for TestingEventPoco 

MyEvent:
	[0] Void AnotherStandardCallback(System.Object, System.EventArgs)
	[1] Void StandardCallback(System.Object, System.EventArgs)

