GetDotNetVersion => Net_v4.0.30319.18051
GetOsName => Microsoft_Windows_8_Pro
GetUserName => ForUser.James
