boundary[0] = f3c617c1-4388-492c-8e07-0ef9bdb8af93
boundary[1] = 283b02d8-4af3-4d14-83bd-6d7181499f83
