[0] = System.Object EVENT_CHECKEDCHANGED
[1] = System.Object EVENT_CHECKSTATECHANGED
[2] = System.Object EVENT_APPEARANCECHANGED
[3] = System.Drawing.ContentAlignment anyRight
[4] = Int32 FlagMouseOver
[5] = Int32 FlagMouseDown
[6] = Int32 FlagMousePressed
[7] = Int32 FlagInButtonUp
[8] = Int32 FlagCurrentlyAnimating
[9] = Int32 FlagAutoEllipsis
[10] = Int32 FlagIsDefault
[11] = Int32 FlagUseMnemonic
[12] = Int32 FlagShowToolTip
[13] = System.Diagnostics.TraceSwitch ControlKeyboardRouting
[14] = System.Diagnostics.TraceSwitch PaletteTracing
[15] = System.Diagnostics.TraceSwitch FocusTracing
[16] = System.Diagnostics.BooleanSwitch BufferPinkRect
[17] = Int32 WM_GETCONTROLNAME
[18] = Int32 WM_GETCONTROLTYPE
[19] = System.Object EventAutoSizeChanged
[20] = System.Object EventKeyDown
[21] = System.Object EventKeyPress
[22] = System.Object EventKeyUp
[23] = System.Object EventMouseDown
[24] = System.Object EventMouseEnter
[25] = System.Object EventMouseLeave
[26] = System.Object EventMouseHover
[27] = System.Object EventMouseMove
[28] = System.Object EventMouseUp
[29] = System.Object EventMouseWheel
[30] = System.Object EventClick
[31] = System.Object EventClientSize
[32] = System.Object EventDoubleClick
[33] = System.Object EventMouseClick
[34] = System.Object EventMouseDoubleClick
[35] = System.Object EventMouseCaptureChanged
[36] = System.Object EventMove
[37] = System.Object EventResize
[38] = System.Object EventLayout
[39] = System.Object EventGotFocus
[40] = System.Object EventLostFocus
[41] = System.Object EventEnabledChanged
[42] = System.Object EventEnter
[43] = System.Object EventLeave
[44] = System.Object EventHandleCreated
[45] = System.Object EventHandleDestroyed
[46] = System.Object EventVisibleChanged
[47] = System.Object EventControlAdded
[48] = System.Object EventControlRemoved
[49] = System.Object EventChangeUICues
[50] = System.Object EventSystemColorsChanged
[51] = System.Object EventValidating
[52] = System.Object EventValidated
[53] = System.Object EventStyleChanged
[54] = System.Object EventImeModeChanged
[55] = System.Object EventHelpRequested
[56] = System.Object EventPaint
[57] = System.Object EventInvalidated
[58] = System.Object EventQueryContinueDrag
[59] = System.Object EventGiveFeedback
[60] = System.Object EventDragEnter
[61] = System.Object EventDragLeave
[62] = System.Object EventDragOver
[63] = System.Object EventDragDrop
[64] = System.Object EventQueryAccessibilityHelp
[65] = System.Object EventBackgroundImage
[66] = System.Object EventBackgroundImageLayout
[67] = System.Object EventBindingContext
[68] = System.Object EventBackColor
[69] = System.Object EventParent
[70] = System.Object EventVisible
[71] = System.Object EventText
[72] = System.Object EventTabStop
[73] = System.Object EventTabIndex
[74] = System.Object EventSize
[75] = System.Object EventRightToLeft
[76] = System.Object EventLocation
[77] = System.Object EventForeColor
[78] = System.Object EventFont
[79] = System.Object EventEnabled
[80] = System.Object EventDock
[81] = System.Object EventCursor
[82] = System.Object EventContextMenu
[83] = System.Object EventContextMenuStrip
[84] = System.Object EventCausesValidation
[85] = System.Object EventRegionChanged
[86] = System.Object EventMarginChanged
[87] = System.Object EventPaddingChanged
[88] = System.Object EventPreviewKeyDown
[89] = Int32 mouseWheelMessage
[90] = Boolean mouseWheelRoutingNeeded
[91] = Boolean mouseWheelInit
[92] = Int32 threadCallbackMessage
[93] = Boolean checkForIllegalCrossThreadCalls
[94] = System.Threading.ContextCallback invokeMarshaledCallbackHelperDelegate
[95] = FontHandleWrapper defaultFontHandleWrapper
[96] = System.Drawing.Font defaultFont
[97] = Int32 PropName
[98] = Int32 PropBackBrush
[99] = Int32 PropFontHeight
[100] = Int32 PropCurrentAmbientFont
[101] = Int32 PropControlsCollection
[102] = Int32 PropBackColor
[103] = Int32 PropForeColor
[104] = Int32 PropFont
[105] = Int32 PropBackgroundImage
[106] = Int32 PropFontHandleWrapper
[107] = Int32 PropUserData
[108] = Int32 PropContextMenu
[109] = Int32 PropCursor
[110] = Int32 PropRegion
[111] = Int32 PropRightToLeft
[112] = Int32 PropBindings
[113] = Int32 PropBindingManager
[114] = Int32 PropAccessibleDefaultActionDescription
[115] = Int32 PropAccessibleDescription
[116] = Int32 PropAccessibility
[117] = Int32 PropNcAccessibility
[118] = Int32 PropAccessibleName
[119] = Int32 PropAccessibleRole
[120] = Int32 PropPaintingException
[121] = Int32 PropActiveXImpl
[122] = Int32 PropControlVersionInfo
[123] = Int32 PropBackgroundImageLayout
[124] = Int32 PropAccessibleHelpProvider
[125] = Int32 PropContextMenuStrip
[126] = Int32 PropAutoScrollOffset
[127] = Int32 PropUseCompatibleTextRendering
[128] = Int32 PropImeWmCharsToIgnore
[129] = Int32 PropImeMode
[130] = Int32 PropDisableImeModeChangedCount
[131] = Int32 PropLastCanEnableIme
[132] = Int32 PropCacheTextCount
[133] = Int32 PropCacheTextField
[134] = Int32 PropAmbientPropertiesService
[135] = Boolean UseCompatibleTextRenderingDefault
[136] = System.Windows.Forms.ImeMode propagatingImeMode
[137] = Boolean ignoreWmImeNotify
[138] = Boolean lastLanguageChinese
[139] = Boolean inCrossThreadSafeCall
[140] = System.Windows.Forms.HelpInfo currentHelpInfo
[141] = Int32 STATE_CREATED
[142] = Int32 STATE_VISIBLE
[143] = Int32 STATE_ENABLED
[144] = Int32 STATE_TABSTOP
[145] = Int32 STATE_RECREATE
[146] = Int32 STATE_MODAL
[147] = Int32 STATE_ALLOWDROP
[148] = Int32 STATE_DROPTARGET
[149] = Int32 STATE_NOZORDER
[150] = Int32 STATE_LAYOUTDEFERRED
[151] = Int32 STATE_USEWAITCURSOR
[152] = Int32 STATE_DISPOSED
[153] = Int32 STATE_DISPOSING
[154] = Int32 STATE_MOUSEENTERPENDING
[155] = Int32 STATE_TRACKINGMOUSEEVENT
[156] = Int32 STATE_THREADMARSHALLPENDING
[157] = Int32 STATE_SIZELOCKEDBYOS
[158] = Int32 STATE_CAUSESVALIDATION
[159] = Int32 STATE_CREATINGHANDLE
[160] = Int32 STATE_TOPLEVEL
[161] = Int32 STATE_ISACCESSIBLE
[162] = Int32 STATE_OWNCTLBRUSH
[163] = Int32 STATE_EXCEPTIONWHILEPAINTING
[164] = Int32 STATE_LAYOUTISDIRTY
[165] = Int32 STATE_CHECKEDHOST
[166] = Int32 STATE_HOSTEDINDIALOG
[167] = Int32 STATE_DOUBLECLICKFIRED
[168] = Int32 STATE_MOUSEPRESSED
[169] = Int32 STATE_VALIDATIONCANCELLED
[170] = Int32 STATE_PARENTRECREATING
[171] = Int32 STATE_MIRRORED
[172] = Int32 STATE2_HAVEINVOKED
[173] = Int32 STATE2_SETSCROLLPOS
[174] = Int32 STATE2_LISTENINGTOUSERPREFERENCECHANGED
[175] = Int32 STATE2_INTERESTEDINUSERPREFERENCECHANGED
[176] = Int32 STATE2_MAINTAINSOWNCAPTUREMODE
[177] = Int32 STATE2_BECOMINGACTIVECONTROL
[178] = Int32 STATE2_CLEARLAYOUTARGS
[179] = Int32 STATE2_INPUTKEY
[180] = Int32 STATE2_INPUTCHAR
[181] = Int32 STATE2_UICUES
[182] = Int32 STATE2_ISACTIVEX
[183] = Int32 STATE2_USEPREFERREDSIZECACHE
[184] = Int16 PaintLayerBackground
[185] = Int16 PaintLayerForeground
[186] = Byte RequiredScalingEnabledMask
[187] = Byte RequiredScalingMask
[188] = Int32 UISTATE_FOCUS_CUES_MASK
[189] = Int32 UISTATE_FOCUS_CUES_HIDDEN
[190] = Int32 UISTATE_FOCUS_CUES_SHOW
[191] = Int32 UISTATE_KEYBOARD_CUES_MASK
[192] = Int32 UISTATE_KEYBOARD_CUES_HIDDEN
[193] = Int32 UISTATE_KEYBOARD_CUES_SHOW
[194] = Int32 ImeCharsToIgnoreDisabled
[195] = Int32 ImeCharsToIgnoreEnabled
[196] = System.Object EventDisposed
