collection[0] = abc
collection[1] = 123
collection[2] = !@#
