{
    "GivenNames": "John",
    "FamilyName": "Smith",
    "Spouse": "Jill",
    "Address": {
        "Street": "1 Puddle Lane",
        "Suburb": null,
        "Country": "USA"
    },
    "Children": [
        "Sam",
        "Mary"
    ],
    "Title": "Mr"
}