Llewellyn

L => 76
l => 108
e => 101
w => 119
e => 101
l => 108
l => 108
y => 121
n => 110
