collection[0] = 3
collection[1] = 3
collection[2] = 3
